89.234.12.3 - - [10/Mar/2025:12:00:00 +0000] "GET /index.html HTTP/1.1" 200 5120 "https://www.google.com/search?q=http://google.com/" "Mozilla/5.0 (Windows NT 10.0; Win64; x64) AppleWebKit/537.36 (KHTML, like Gecko) Chrome/91.0.4472.124 Safari/537.36"
10.0.0.1 - - [10/Mar/2025:12:01:15 +0000] "POST /login HTTP/1.1" 200 150 "https://www.google.com/search?q=http://example.com/login" "Mozilla/5.0 (Macintosh; Intel Mac OS X 10_15_7) AppleWebKit/537.36 (KHTML, like Gecko) Chrome/91.0.4472.124 Safari/537.36"
203.0.113.75 - - [10/Mar/2025:12:01:30 +0000] "GET /static/style.css HTTP/1.1" 200 1024 "http://example.com/index.html" "Mozilla/5.0 (Windows NT 10.0; Win64; x64) AppleWebKit/537.36 (KHTML, like Gecko) Chrome/91.0.4472.124 Safari/537.36"
89.234.12.3 - - [10/Mar/2025:12:02:05 +0000] "GET /static/main.js HTTP/1.1" 200 8192 "http://example.com/index.html" "Mozilla/5.0 (Windows NT 10.0; Win64; x64) AppleWebKit/537.36 (KHTML, like Gecko) Chrome/91.0.4472.124 Safari/537.36"
192.168.0.5 - - [10/Mar/2025:12:03:45 +0000] "GET /api/v1/users HTTP/1.1" 500 50 "-" "PostmanRuntime/7.29.0"
89.234.12.3 - - [10/Mar/2025:12:04:00 +0000] "POST /api/v1/submit HTTP/1.1" 403 120 "https://www.google.com/search?q=http://example.com/form" "Mozilla/5.0 (X11; Ubuntu; Linux x86_64; rv:89.0) Gecko/20100101 Firefox/89.0"
45.33.32.112 - - [10/Mar/2025:12:05:10 +0000] "GET /images/logo.png HTTP/1.1" 200 24576 "http://example.com/index.html" "Mozilla/5.0 (Macintosh; Intel Mac OS X 10_15_7) AppleWebKit/537.36 (KHTML, like Gecko) Chrome/91.0.4472.124 Safari/537.36"
10.0.0.1 - - [10/Mar/2025:12:05:55 +0000] "GET /dashboard HTTP/1.1" 401 200 "https://www.google.com/search?q=http://example.com/login" "Mozilla/5.0 (Macintosh; Intel Mac OS X 10_15_7) AppleWebKit/537.36 (KHTML, like Gecko) Chrome/91.0.4472.124 Safari/537.36"
198.51.100.1 - - [10/Mar/2025:12:06:21 +0000] "GET /products/category/electronics HTTP/1.1" 200 12345 "-" "curl/7.68.0"
203.0.113.75 - - [10/Mar/2025:12:07:00 +0000] "GET /old-path HTTP/1.1" 301 0 "https://www.google.com/search?q=http://old-site.com/" "Mozilla/5.0 (Windows NT 10.0; Win64; x64) AppleWebKit/537.36 (KHTML, like Gecko) Chrome/91.0.4472.124 Safari/537.36"
89.234.12.3 - - [10/Mar/2025:12:08:15 +0000] "GET /api/v1/status HTTP/1.1" 200 30 "https://www.google.com/search?q=http://example.com/dashboard" "Mozilla/5.0 (X11; Ubuntu; Linux x86_64; rv:89.0) Gecko/20100101 Firefox/89.0"
192.168.0.5 - - [10/Mar/2025:12:08:50 +0000] "POST /api/v1/users HTTP/1.1" 201 128 "-" "PostmanRuntime/7.29.0"
45.33.32.112 - - [10/Mar/2025:12:09:33 +0000] "GET /favicon.ico HTTP/1.1" 200 15086 "http://example.com/index.html" "Mozilla/5.0 (Macintosh; Intel Mac OS X 10_15_7) AppleWebKit/537.36 (KHTML, like Gecko) Chrome/91.0.4472.124 Safari/537.36"
10.0.0.1 - - [10/Mar/2025:12:10:01 +0000] "GET /api/v1/posts/123 HTTP/1.1" 200 2048 "https://www.google.com/search?q=http://example.com/feed" "Mozilla/5.0 (Macintosh; Intel Mac OS X 10_15_7) AppleWebKit/537.36 (KHTML, like Gecko) Chrome/91.0.4472.124 Safari/537.36"
89.234.12.3 - - [10/Mar/2025:12:10:45 +0000] "GET /non-existent-page.html HTTP/1.1" 404 450 "http://example.com/index.html" "Mozilla/5.0 (X11; Ubuntu; Linux x86_64; rv:89.0) Gecko/20100101 Firefox/89.0"
198.51.100.1 - - [10/Mar/2025:12:11:30 +0000] "DELETE /api/v1/users/5 HTTP/1.1" 204 0 "-" "curl/7.68.0"
203.0.113.75 - - [10/Mar/2025:12:12:12 +0000] "GET /about-us HTTP/1.1" 200 3050 "https://www.google.com/search?q=http://google.com/" "Mozilla/5.0 (Windows NT 10.0; Win64; x64) AppleWebKit/537.36 (KHTML, like Gecko) Chrome/91.0.4472.124 Safari/537.36"
89.234.12.3 - - [10/Mar/2025:12:13:00 +0000] "POST /search HTTP/1.1" 200 5000 "http://example.com/index.html" "Mozilla/5.0 (X11; Ubuntu; Linux x86_64; rv:89.0) Gecko/20100101 Firefox/89.0"
192.168.0.5 - - [10/Mar/2025:12:13:30 +0000] "PUT /api/v1/users/10 HTTP/1.1" 200 128 "-" "PostmanRuntime/7.29.0"
45.33.32.112 - - [10/Mar/2025:12:14:05 +0000] "GET /assets/font.woff2 HTTP/1.1" 200 71234 "https://www.google.com/search?q=http://example.com/static/style.css" "Mozilla/5.0 (Macintosh; Intel Mac OS X 10_15_7) AppleWebKit/537.36 (KHTML, like Gecko) Chrome/91.0.4472.124 Safari/537.36"
10.0.0.1 - - [10/Mar/2025:12:14:45 +0000] "GET /api/v1/posts/123/comments HTTP/1.1" 200 4096 "https://www.google.com/search?q=http://example.com/feed" "Mozilla/5.0 (Macintosh; Intel Mac OS X 10_15_7) AppleWebKit/537.36 (KHTML, like Gecko) Chrome/91.0.4472.124 Safari/537.36"
89.234.12.3 - - [10/Mar/2025:12:15:20 +0000] "GET /robots.txt HTTP/1.1" 200 120 "-" "Googlebot/2.1 (+http://www.google.com/bot.html)"
198.51.100.1 - - [10/Mar/2025:12:16:00 +0000] "GET /admin HTTP/1.1" 403 50 "-" "curl/7.68.0"
203.0.113.75 - - [10/Mar/2025:12:16:30 +0000] "GET /contact HTTP/1.1" 200 2500 "https://www.google.com/search?q=http://example.com/about-us" "Mozilla/5.0 (Windows NT 10.0; Win64; x64) AppleWebKit/537.36 (KHTML, like Gecko) Chrome/91.0.4472.124 Safari/537.36"
89.234.12.3 - - [10/Mar/2025:12:17:10 +0000] "GET /api/v1/data.csv HTTP/1.1" 200 102400 "https://www.google.com/search?q=http://example.com/dashboard" "Mozilla/5.0 (X11; Ubuntu; Linux x86_64; rv:89.0) Gecko/20100101 Firefox/89.0"
192.168.0.5 - - [10/Mar/2025:12:17:55 +0000] "GET /api/v1/health HTTP/1.1" 503 30 "-" "PostmanRuntime/7.29.0"
45.33.32.112 - - [10/Mar/2025:12:18:25 +0000] "GET /images/banner.jpg HTTP/1.1" 200 153600 "http://example.com/index.html" "Mozilla/5.0 (Macintosh; Intel Mac OS X 10_15_7) AppleWebKit/537.36 (KHTML, like Gecko) Chrome/91.0.4472.124 Safari/537.36"
10.0.0.1 - - [10/Mar/2025:12:19:00 +0000] "POST /logout HTTP/1.1" 302 0 "https://www.google.com/search?q=http://example.com/dashboard" "Mozilla/5.0 (Macintosh; Intel Mac OS X 10_15_7) AppleWebKit/537.36 (KHTML, like Gecko) Chrome/91.0.4472.124 Safari/537.36"
198.51.100.1 - - [10/Mar/2025:12:20:00 +0000] "PATCH /api/v1/users/10 HTTP/1.1" 200 128 "-" "curl/7.68.0"
89.234.12.3 - - [10/Mar/2025:12:20:30 +0000] "GET /sitemap.xml HTTP/1.1" 200 2048 "-" "Googlebot/2.1 (+http://www.google.com/bot.html)"
203.0.113.75 - - [10/Mar/2025:12:21:10 +0000] "GET /faq HTTP/1.1" 200 4096 "https://www.google.com/search?q=http://example.com/about-us" "Mozilla/5.0 (Windows NT 10.0; Win64; x64) AppleWebKit/537.36 (KHTML, like Gecko) Chrome/91.0.4472.124 Safari/537.36"
192.168.0.5 - - [10/Mar/2025:12:21:40 +0000] "POST /api/v1/messages HTTP/1.1" 201 256 "-" "PostmanRuntime/7.29.0"
45.33.32.112 - - [10/Mar/2025:12:22:22 +0000] "GET /products/12345 HTTP/1.1" 200 7890 "https://www.google.com/search?q=http://example.com/products/category/electronics" "Mozilla/5.0 (Macintosh; Intel Mac OS X 10_15_7) AppleWebKit/537.36 (KHTML, like Gecko) Chrome/91.0.4472.124 Safari/537.36"
10.0.0.1 - - [10/Mar/2025:12:23:00 +0000] "GET /wp-login.php HTTP/1.1" 404 450 "-" "Mozilla/5.0"
89.234.12.3 - - [10/Mar/2025:12:23:30 +0000] "GET /images/photo.jpg HTTP/1.1" 304 0 "https://www.google.com/search?q=http://example.com/gallery" "Mozilla/5.0 (X11; Ubuntu; Linux x86_64; rv:89.0) Gecko/20100101 Firefox/89.0"
198.51.100.1 - - [10/Mar/2025:12:24:00 +0000] "GET /api/v1/items/99 HTTP/1.1" 404 100 "-" "curl/7.68.0"
203.0.113.75 - - [10/Mar/2025:12:24:45 +0000] "GET /terms-of-service HTTP/1.1" 200 15200 "http://example.com/index.html" "Mozilla/5.0 (Windows NT 10.0; Win64; x64) AppleWebKit/537.36 (KHTML, like Gecko) Chrome/91.0.4472.124 Safari/537.36"
192.168.0.5 - - [10/Mar/2025:12:25:15 +0000] "GET /api/v1/config HTTP/1.1" 502 40 "-" "PostmanRuntime/7.29.0"
45.33.32.112 - - [10/Mar/2025:12:26:00 +0000] "POST /subscribe HTTP/1.1" 200 300 "http://example.com/index.html" "Mozilla/5.0 (Macintosh; Intel Mac OS X 10_15_7) AppleWebKit/537.36 (KHTML, like Gecko) Chrome/91.0.4472.124 Safari/537.36"
10.0.0.1 - - [10/Mar/2025:12:26:30 +0000] "GET /profile/user123 HTTP/1.1" 200 4050 "https://www.google.com/search?q=http://example.com/dashboard" "Mozilla/5.0 (Macintosh; Intel Mac OS X 10_15_7) AppleWebKit/537.36 (KHTML, like Gecko) Chrome/91.0.4472.124 Safari/537.36"
198.51.100.1 - - [10/Mar/2025:12:27:00 +0000] "DELETE /api/v1/posts/45 HTTP/1.1" 401 50 "-" "curl/7.68.0"
203.0.113.75 - - [10/Mar/2025:12:27:40 +0000] "GET /privacy-policy HTTP/1.1" 200 14800 "http://example.com/index.html" "Mozilla/5.0 (Windows NT 10.0; Win64; x64) AppleWebKit/537.36 (KHTML, like Gecko) Chrome/91.0.4472.124 Safari/537.36"
89.234.12.3 - - [10/Mar/2025:12:28:10 +0000] "POST /api/v1/events HTTP/1.1" 400 180 "https://www.google.com/search?q=http://example.com/app" "Mozilla/5.0 (X11; Ubuntu; Linux x86_64; rv:89.0) Gecko/20100101 Firefox/89.0"
45.33.32.112 - - [10/Mar/2025:12:28:50 +0000] "GET /blog/article-1 HTTP/1.1" 200 9500 "https://www.google.com/search?q=http://google.com/" "Mozilla/5.0 (Macintosh; Intel Mac OS X 10_15_7) AppleWebKit/537.36 (KHTML, like Gecko) Chrome/91.0.4472.124 Safari/537.36"
192.168.0.5 - - [10/Mar/2025:12:29:20 +0000] "GET /api/v1/users/me HTTP/1.1" 200 512 "-" "PostmanRuntime/7.29.0"
10.0.0.1 - - [10/Mar/2025:12:30:00 +0000] "POST /comment HTTP/1.1" 201 200 "https://www.google.com/search?q=http://example.com/blog/article-1" "Mozilla/5.0 (Macintosh; Intel Mac OS X 10_15_7) AppleWebKit/537.36 (KHTML, like Gecko) Chrome/91.0.4472.124 Safari/537.36"
198.51.100.1 - - [10/Mar/2025:12:30:40 +0000] "GET /metrics HTTP/1.1" 200 1024 "-" "Prometheus/2.26.0"
89.234.12.3 - - [10/Mar/2025:12:31:15 +0000] "GET /index.html HTTP/1.1" 200 5120 "http://bing.com/" "Mozilla/5.0 (X11; Ubuntu; Linux x86_64; rv:89.0) Gecko/20100101 Firefox/89.0"
